exports[`<ImageCaptionContainer /> renders correctly 1`] = `
<View
  style={
    Object {
      "flex": 1,
      "position": "relative",
    }
  }>
  <Image
    source={
      Object {
        "uri": "http://placehold.it/1x1",
      }
    }
    style={
      Object {
        "alignSelf": "stretch",
        "flex": 1,
        "height": undefined,
        "resizeMode": "cover",
        "width": undefined,
      }
    } />
  <TitleOnShadow
    title="Foobar" />
</View>
`;
