exports[`<TripDateList /> renders correctly 1`] = `
<View
  style={
    Object {
      "flexDirection": "row",
      "marginLeft": -16,
      "marginRight": -16,
    }
  }>
  <View
    style={
      Object {
        "paddingLeft": 16,
        "paddingRight": 16,
      }
    }>
    <TripDate
      date="2017-04-10T02:00:00+02:00"
      type="vom" />
  </View>
  <View
    style={
      Object {
        "paddingLeft": 16,
        "paddingRight": 16,
      }
    }>
    <TripDate
      date="2017-04-10T02:00:00+02:00"
      type="vom" />
  </View>
</View>
`;
